asm/fadd.s
